// Jest Snapshot v1, https://goo.gl/fbAQLP

exports[`transform should transform in a JS entity 1`] = `
Object {
  "addr1": undefined,
  "addr2": undefined,
  "depCode": undefined,
  "finesseNumber": undefined,
  "id": 3,
  "name": "Brigade de gendarmerie de Saint-Aignan sur Cher",
  "postalCode": undefined,
  "town": undefined,
}
`;

exports[`untransform should untransform in a DB entity 1`] = `
Object {
  "dep_code": "94",
  "extra_data": Object {
    "type": "manual",
  },
  "id": 5,
  "name": "Commissariat de police de Vincennes",
}
`;
