// Jest Snapshot v1, https://goo.gl/fbAQLP

exports[`/askers should return all criminal courts in France 1`] = `
Object {
  "byPage": 50,
  "currentPage": 1,
  "elements": Array [
    Object {
      "depCode": null,
      "id": 174,
      "name": "Commissariat de police de Montargis",
      "type": "commissariat_police",
    },
    Object {
      "depCode": null,
      "id": 1,
      "name": "Tribunal de grande instance de Montargis",
      "type": "tgi",
    },
  ],
  "maxPage": 1,
  "totalCount": 2,
}
`;
